app/api/comments/route.ts(15,14): error TS2339: Property 'select' does not exist on type 'PrismaClient<{ adapter: PrismaPg; }, never, DefaultArgs>'.
app/api/comments/route.ts(47,18): error TS2339: Property 'insert' does not exist on type 'PrismaClient<{ adapter: PrismaPg; }, never, DefaultArgs>'.
app/api/comments/route.ts(52,37): error TS2339: Property 'select' does not exist on type 'PrismaClient<{ adapter: PrismaPg; }, never, DefaultArgs>'.
app/api/contacts/route.ts(9,31): error TS2339: Property 'select' does not exist on type 'PrismaClient<{ adapter: PrismaPg; }, never, DefaultArgs>'.
app/api/contacts/route.ts(38,37): error TS2339: Property 'insert' does not exist on type 'PrismaClient<{ adapter: PrismaPg; }, never, DefaultArgs>'.
app/api/dashboard/productivity/route.ts(41,28): error TS2339: Property 'select' does not exist on type 'PrismaClient<{ adapter: PrismaPg; }, never, DefaultArgs>'.
app/api/dashboard/productivity/route.ts(55,42): error TS2339: Property 'select' does not exist on type 'PrismaClient<{ adapter: PrismaPg; }, never, DefaultArgs>'.
app/api/dashboard/productivity/route.ts(64,41): error TS7006: Parameter 'l' implicitly has an 'any' type.
app/api/dashboard/productivity/route.ts(65,48): error TS7006: Parameter 'acc' implicitly has an 'any' type.
app/api/dashboard/productivity/route.ts(65,53): error TS7006: Parameter 'curr' implicitly has an 'any' type.
app/api/dashboard/schedules/route.ts(11,43): error TS2339: Property 'select' does not exist on type 'PrismaClient<{ adapter: PrismaPg; }, never, DefaultArgs>'.
app/api/dashboard/schedules/route.ts(16,39): error TS2339: Property 'select' does not exist on type 'PrismaClient<{ adapter: PrismaPg; }, never, DefaultArgs>'.
app/api/dashboard/timeline/route.ts(22,40): error TS2339: Property 'select' does not exist on type 'PrismaClient<{ adapter: PrismaPg; }, never, DefaultArgs>'.
app/api/employees/route.ts(9,36): error TS2339: Property 'select' does not exist on type 'PrismaClient<{ adapter: PrismaPg; }, never, DefaultArgs>'.
app/api/employees/route.ts(38,38): error TS2339: Property 'insert' does not exist on type 'PrismaClient<{ adapter: PrismaPg; }, never, DefaultArgs>'.
app/api/inbox/route.ts(15,39): error TS2339: Property 'select' does not exist on type 'PrismaClient<{ adapter: PrismaPg; }, never, DefaultArgs>'.
app/api/inbox/route.ts(39,35): error TS2339: Property 'select' does not exist on type 'PrismaClient<{ adapter: PrismaPg; }, never, DefaultArgs>'.
app/api/inbox/route.ts(70,37): error TS2339: Property 'insert' does not exist on type 'PrismaClient<{ adapter: PrismaPg; }, never, DefaultArgs>'.
app/api/inbox/route.ts(96,34): error TS2339: Property 'update' does not exist on type 'PrismaClient<{ adapter: PrismaPg; }, never, DefaultArgs>'.
app/api/inbox/route.ts(117,18): error TS2339: Property 'delete' does not exist on type 'PrismaClient<{ adapter: PrismaPg; }, never, DefaultArgs>'.
app/api/inbox/unread-count/route.ts(17,38): error TS2339: Property 'select' does not exist on type 'PrismaClient<{ adapter: PrismaPg; }, never, DefaultArgs>'.
app/api/inbox/unread-count/route.ts(28,32): error TS2339: Property '$count' does not exist on type 'PrismaClient<{ adapter: PrismaPg; }, never, DefaultArgs>'.
app/api/schedules/route.ts(12,24): error TS2339: Property 'select' does not exist on type 'PrismaClient<{ adapter: PrismaPg; }, never, DefaultArgs>'.
app/api/schedules/route.ts(47,38): error TS2339: Property 'insert' does not exist on type 'PrismaClient<{ adapter: PrismaPg; }, never, DefaultArgs>'.
app/api/streams/[id]/projects/route.ts(14,33): error TS2339: Property 'select' does not exist on type 'PrismaClient<{ adapter: PrismaPg; }, never, DefaultArgs>'.
app/api/streams/[id]/projects/route.ts(22,14): error TS2339: Property 'select' does not exist on type 'PrismaClient<{ adapter: PrismaPg; }, never, DefaultArgs>'.
app/api/subtasks/[id]/route.ts(16,18): error TS2339: Property 'update' does not exist on type 'PrismaClient<{ adapter: PrismaPg; }, never, DefaultArgs>'.
app/api/subtasks/[id]/route.ts(18,33): error TS2339: Property 'select' does not exist on type 'PrismaClient<{ adapter: PrismaPg; }, never, DefaultArgs>'.
app/api/subtasks/[id]/route.ts(37,18): error TS2339: Property 'delete' does not exist on type 'PrismaClient<{ adapter: PrismaPg; }, never, DefaultArgs>'.
app/api/subtasks/route.ts(14,34): error TS2339: Property 'select' does not exist on type 'PrismaClient<{ adapter: PrismaPg; }, never, DefaultArgs>'.
app/api/subtasks/route.ts(16,23): error TS7006: Parameter 'a' implicitly has an 'any' type.
app/api/subtasks/route.ts(16,26): error TS7006: Parameter 'b' implicitly has an 'any' type.
app/api/subtasks/route.ts(18,46): error TS7006: Parameter 's' implicitly has an 'any' type.
app/api/subtasks/route.ts(38,35): error TS2339: Property 'select' does not exist on type 'PrismaClient<{ adapter: PrismaPg; }, never, DefaultArgs>'.
app/api/subtasks/route.ts(41,18): error TS2339: Property 'insert' does not exist on type 'PrismaClient<{ adapter: PrismaPg; }, never, DefaultArgs>'.
app/api/tasks/[id]/route.ts(10,37): error TS2339: Property 'select' does not exist on type 'PrismaClient<{ adapter: PrismaPg; }, never, DefaultArgs>'.
app/api/tasks/[id]/route.ts(39,18): error TS2339: Property 'update' does not exist on type 'PrismaClient<{ adapter: PrismaPg; }, never, DefaultArgs>'.
app/api/tasks/[id]/route.ts(40,40): error TS2339: Property 'select' does not exist on type 'PrismaClient<{ adapter: PrismaPg; }, never, DefaultArgs>'.
app/api/tasks/[id]/route.ts(52,18): error TS2339: Property 'delete' does not exist on type 'PrismaClient<{ adapter: PrismaPg; }, never, DefaultArgs>'.
app/api/users/route.ts(8,35): error TS2339: Property 'select' does not exist on type 'PrismaClient<{ adapter: PrismaPg; }, never, DefaultArgs>'.
diagnose_logs.ts(7,27): error TS2339: Property 'select' does not exist on type 'PrismaClient<{ adapter: PrismaPg; }, never, DefaultArgs>'.
diagnose_logs.ts(10,18): error TS7006: Parameter 'l' implicitly has an 'any' type.
diagnose_logs.ts(28,41): error TS7006: Parameter 'l' implicitly has an 'any' type.
lib/auth.ts(26,29): error TS2339: Property 'select' does not exist on type 'PrismaClient<{ adapter: PrismaPg; }, never, DefaultArgs>'.
lib/auth.ts(36,14): error TS2339: Property 'insert' does not exist on type 'PrismaClient<{ adapter: PrismaPg; }, never, DefaultArgs>'.
lib/auth.ts(48,37): error TS2339: Property 'select' does not exist on type 'PrismaClient<{ adapter: PrismaPg; }, never, DefaultArgs>'.
lib/auth.ts(55,14): error TS2339: Property 'insert' does not exist on type 'PrismaClient<{ adapter: PrismaPg; }, never, DefaultArgs>'.
lib/auth.ts(62,14): error TS2339: Property 'insert' does not exist on type 'PrismaClient<{ adapter: PrismaPg; }, never, DefaultArgs>'.
lib/auth.ts(72,36): error TS2339: Property 'select' does not exist on type 'PrismaClient<{ adapter: PrismaPg; }, never, DefaultArgs>'.
lib/auth.ts(77,18): error TS2339: Property 'delete' does not exist on type 'PrismaClient<{ adapter: PrismaPg; }, never, DefaultArgs>'.
lib/auth.ts(80,33): error TS2339: Property 'select' does not exist on type 'PrismaClient<{ adapter: PrismaPg; }, never, DefaultArgs>'.
lib/auth.ts(87,14): error TS2339: Property 'delete' does not exist on type 'PrismaClient<{ adapter: PrismaPg; }, never, DefaultArgs>'.
scripts/test_tags_api.ts(1,21): error TS2307: Cannot find module '../app/api/streams/[id]/tags/route' or its corresponding type declarations.
